
C:\WINDOWS\system32>C:\Python27\python C:\Users\ywang44\Documents\top125\Excel\Auto_top_125.py 
Connecting Server to determine date info at: 2017-07-10 16:30:54.
Table date: 2017-07-08
Updating Excel file

Update Finished: NA
Send eMail

C:\WINDOWS\system32>C:\Python27\python C:\Users\ywang44\Documents\top125\Excel\Auto_top_125.py 
Connecting Server to determine date info at: 2017-07-17 16:30:54.
Table date: 2017-07-15
Updating Excel file

Update Finished: NA
Send eMail

C:\WINDOWS\system32>C:\Python27\python C:\Users\ywang44\Documents\top125\Excel\Auto_top_125.py 
Connecting Server to determine date info at: 2017-07-24 16:30:54.
Table date: 2017-07-21
Data is not fully ready.
Send eMail

C:\WINDOWS\system32>C:\Python27\python C:\Users\ywang44\Documents\top125\Excel\Auto_top_125.py 
Connecting Server to determine date info at: 2017-07-31 16:30:54.
Table date: 2017-07-28
Data is not fully ready.
Send eMail

C:\WINDOWS\system32>C:\Python27\python C:\Users\ywang44\Documents\top125\Excel\Auto_top_125.py 
Connecting Server to determine date info at: 2017-08-07 16:30:54.
Table date: 2017-08-04
Data is not fully ready.
Send eMail

C:\WINDOWS\system32>C:\Python27\python C:\Users\ywang44\Documents\top125\Excel\Auto_top_125.py 
Connecting Server to determine date info at: 2017-08-14 16:30:54.
Table date: 2017-08-12
Updating Excel file

Update Finished: NA
Send eMail

C:\WINDOWS\system32>C:\Python27\python C:\Users\ywang44\Documents\top125\Excel\Auto_top_125.py 
Connecting Server to determine date info at: 2017-08-21 16:30:54.
Table date: 2017-08-18
Data is not fully ready.
Send eMail

C:\WINDOWS\system32>C:\Python27\python C:\Users\ywang44\Documents\top125\Excel\Auto_top_125.py 
Connecting Server to determine date info at: 2017-08-28 16:30:54.
Table date: 2017-08-25
Data is not fully ready.
Send eMail

C:\WINDOWS\system32>C:\Python27\python C:\Users\ywang44\Documents\top125\Excel\Auto_top_125.py 
Connecting Server to determine date info at: 2017-09-04 16:30:54.
Table date: 2017-09-02
Updating Excel file

Update Finished: NA
Send eMail

C:\WINDOWS\system32>C:\Python27\python C:\Users\ywang44\Documents\top125\Excel\Auto_top_125.py 
Connecting Server to determine date info at: 2017-09-11 16:31:03.
Table date: 2017-09-09
Updating Excel file

Update Finished: NA
Send eMail

C:\WINDOWS\system32>C:\Python27\python C:\Users\ywang44\Documents\top125\Excel\Auto_top_125.py 
Connecting Server to determine date info at: 2017-09-18 16:30:54.
Table date: 2017-09-16
Updating Excel file

Update Finished: NA
Send eMail

C:\WINDOWS\system32>C:\Python27\python C:\Users\ywang44\Documents\top125\Excel\Auto_top_125.py 
Connecting Server to determine date info at: 2017-09-25 16:31:02.
Table date: 2017-09-21
Data is not fully ready.
Send eMail

C:\WINDOWS\system32>C:\Python27\python C:\Users\ywang44\Documents\top125\Excel\Auto_top_125.py 
Connecting Server to determine date info at: 2017-10-09 16:31:01.
Traceback (most recent call last):
  File "C:\Users\ywang44\Documents\top125\Excel\Auto_top_125.py", line 50, in <module>
    print 'Table date: ' + end_dt.strftime("%Y-%m-%d")
AttributeError: 'NoneType' object has no attribute 'strftime'

C:\WINDOWS\system32>C:\Python27\python C:\Users\ywang44\Documents\top125\Excel\Auto_top_125.py 
Connecting Server to determine date info at: 2017-10-16 16:30:55.
Table date: 2017-10-12
Data is not fully ready.
Send eMail

C:\WINDOWS\system32>C:\Python27\python C:\Users\ywang44\Documents\top125\Excel\Auto_top_125.py 
Connecting Server to determine date info at: 2017-10-23 16:30:54.
Table date: 2017-10-21
Updating Excel file

Update Finished: NA
Send eMail

C:\WINDOWS\system32>C:\Python27\python C:\Users\ywang44\Documents\top125\Excel\Auto_top_125.py 
Connecting Server to determine date info at: 2017-11-06 16:31:00.
Table date: 2017-11-04
Updating Excel file

Update Finished: NA
Send eMail

C:\WINDOWS\system32>C:\Python27\python C:\Users\ywang44\Documents\top125\Excel\Auto_top_125.py 
Connecting Server to determine date info at: 2017-11-13 16:31:02.
Table date: 2017-11-11
Updating Excel file

Update Finished: NA
Send eMail

C:\WINDOWS\system32>C:\Python27\python C:\Users\ywang44\Documents\top125\Excel\Auto_top_125.py 
Connecting Server to determine date info at: 2017-11-20 16:31:01.
Table date: 2017-11-18
Updating Excel file

Update Finished: NA
Send eMail

C:\WINDOWS\system32>C:\Python27\python C:\Users\ywang44\Documents\top125\Excel\Auto_top_125.py 
Connecting Server to determine date info at: 2017-11-27 16:31:03.
Table date: 2017-11-25
Updating Excel file

Update Finished: NA
Send eMail

C:\WINDOWS\system32>C:\Python27\python C:\Users\ywang44\Documents\top125\Excel\Auto_top_125.py 
Connecting Server to determine date info at: 2017-12-11 16:30:56.
Table date: 2017-12-09
Updating Excel file

Update Finished: NA
Send eMail

C:\WINDOWS\system32>C:\Python27\python C:\Users\ywang44\Documents\top125\Excel\Auto_top_125.py 
Connecting Server to determine date info at: 2017-12-18 16:30:54.
Table date: 2017-12-16
Updating Excel file

Update Finished: NA
Send eMail

C:\WINDOWS\system32>C:\Python27\python C:\Users\ywang44\Documents\top125\Excel\Auto_top_125.py 
Connecting Server to determine date info at: 2017-12-25 16:30:54.
Table date: 2017-12-23
Updating Excel file

Update Finished: NA
Send eMail

C:\WINDOWS\system32>C:\Python27\python C:\Users\ywang44\Documents\top125\Excel\Auto_top_125.py 
Connecting Server to determine date info at: 2018-01-08 16:30:54.
Table date: 2018-01-06
Updating Excel file

Update Finished: NA
Send eMail

C:\WINDOWS\system32>C:\Python27\python C:\Users\ywang44\Documents\top125\Excel\Auto_top_125.py 
Connecting Server to determine date info at: 2018-01-15 16:30:54.
Table date: 2018-01-13
Updating Excel file

Update Finished: NA
Send eMail

C:\WINDOWS\system32>C:\Python27\python C:\Users\ywang44\Documents\top125\Excel\Auto_top_125.py 
Connecting Server to determine date info at: 2018-01-22 16:31:01.
Table date: 2018-01-20
Updating Excel file

Update Finished: NA
Send eMail

C:\WINDOWS\system32>C:\Python27\python C:\Users\ywang44\Documents\top125\Excel\Auto_top_125.py 
Connecting Server to determine date info at: 2018-02-05 16:30:55.
Table date: 2018-02-01
Data is not fully ready.
Send eMail

C:\WINDOWS\system32>C:\Python27\python C:\Users\ywang44\Documents\top125\Excel\Auto_top_125.py 
Connecting Server to determine date info at: 2018-02-12 16:31:02.
Table date: 2018-02-10
Updating Excel file

Update Finished: NA
Send eMail

C:\WINDOWS\system32>C:\Python27\python C:\Users\ywang44\Documents\top125\Excel\Auto_top_125.py 
Connecting Server to determine date info at: 2018-02-19 16:31:04.
Table date: 2018-02-16
Data is not fully ready.
Send eMail

C:\WINDOWS\system32>C:\Python27\python C:\Users\ywang44\Documents\top125\Excel\Auto_top_125.py 
Connecting Server to determine date info at: 2018-02-26 16:31:02.
Table date: 2018-02-24
Updating Excel file

Update Finished: NA
Send eMail
